// Jest Snapshot v1, https://goo.gl/fbAQLP

exports[`PlayerList renders without crashing 1`] = `<ul />`;
